[0.242s] Invoking command in '/workspace/src/vision': PYTHONPATH=/workspace/build/vision/prefix_override:/usr/lib/python3/dist-packages/colcon_core/task/python/colcon_distutils_commands:/workspace/install/vision/lib/python3.10/site-packages:${PYTHONPATH} /usr/bin/python3 -W ignore:setup.py install is deprecated -W ignore:easy_install command is deprecated setup.py egg_info --egg-base ../../build/vision build --build-base /workspace/build/vision/build install --record /workspace/build/vision/install.log --install-scripts $base/lib/vision --single-version-externally-managed install_data
[0.342s] running egg_info
[0.347s] writing ../../build/vision/vision.egg-info/PKG-INFO
[0.347s] writing dependency_links to ../../build/vision/vision.egg-info/dependency_links.txt
[0.347s] writing entry points to ../../build/vision/vision.egg-info/entry_points.txt
[0.348s] writing requirements to ../../build/vision/vision.egg-info/requires.txt
[0.348s] writing top-level names to ../../build/vision/vision.egg-info/top_level.txt
[0.358s] reading manifest file '../../build/vision/vision.egg-info/SOURCES.txt'
[0.359s] writing manifest file '../../build/vision/vision.egg-info/SOURCES.txt'
[0.360s] running build
[0.360s] running build_py
[0.360s] running install
[0.361s] running install_lib
[0.365s] running install_data
[0.366s] running install_egg_info
[0.371s] removing '/workspace/install/vision/lib/python3.10/site-packages/vision-0.0.0-py3.10.egg-info' (and everything under it)
[0.371s] Copying ../../build/vision/vision.egg-info to /workspace/install/vision/lib/python3.10/site-packages/vision-0.0.0-py3.10.egg-info
[0.371s] running install_scripts
[0.382s] Installing vision script to /workspace/install/vision/lib/vision
[0.382s] writing list of installed files to '/workspace/build/vision/install.log'
[0.394s] Invoked command in '/workspace/src/vision' returned '0': PYTHONPATH=/workspace/build/vision/prefix_override:/usr/lib/python3/dist-packages/colcon_core/task/python/colcon_distutils_commands:/workspace/install/vision/lib/python3.10/site-packages:${PYTHONPATH} /usr/bin/python3 -W ignore:setup.py install is deprecated -W ignore:easy_install command is deprecated setup.py egg_info --egg-base ../../build/vision build --build-base /workspace/build/vision/build install --record /workspace/build/vision/install.log --install-scripts $base/lib/vision --single-version-externally-managed install_data
